<area shape="rect" href="$shape_8h.html" title="/personal/workspace/projects/opengrafik/src/canvas/shape.h" alt="" coords="304,84,707,110">
<area shape="rect" href="$shape_8cc.html" title="/personal/workspace/projects/opengrafik/src/canvas/shape.cc" alt="" coords="685,161,1096,188">
<area shape="rect" href="$color_8cc.html" title="/personal/workspace/projects/opengrafik/src/canvas/color.cc" alt="" coords="879,84,1279,110">
<area shape="rect" href="$canvas_8h.html" title="/personal/workspace/projects/opengrafik/src/canvas/canvas.h" alt="" coords="251,161,661,188">
<area shape="rect" href="$canvas_8cc.html" title="/personal/workspace/projects/opengrafik/src/canvas/canvas.cc" alt="" coords="5,238,421,265">
<area shape="rect" href="$gtk&#45;canvas_8h.html" title="/personal/workspace/projects/opengrafik/src/canvas/gtk&#45;canvas.h" alt="" coords="445,238,880,265">
<area shape="rect" href="$gtk&#45;canvas_8cc.html" title="/personal/workspace/projects/opengrafik/src/canvas/gtk&#45;canvas.cc" alt="" coords="443,316,883,342">
